{"sessionId": "f25a3c", "hypothesisId": "H-A", "location": "flow.py:__init__", "message": "flow instance init", "data": {"current_phase": "init", "has_instance_phase_attr": false, "run_phase_callable": true}, "timestamp": 1780701070807}
{"sessionId": "f25a3c", "hypothesisId": "H-A", "location": "flow.py:run", "message": "before first phase", "data": {"instance_phase_attr_type": "str", "instance_phase_attr_value": "<missing>", "run_phase_callable": true, "current_phase": "init"}, "timestamp": 1780701070810}
{"sessionId": "f25a3c", "hypothesisId": "H-B", "location": "flow.py:_run_phase", "message": "phase wrapper entered", "data": {"phase": "decompose_dag", "fn_name": "_decompose_dag"}, "timestamp": 1780701070810}
{"sessionId": "f25a3c", "hypothesisId": "H-A", "location": "flow.py:__init__", "message": "flow instance init", "data": {"current_phase": "init", "has_instance_phase_attr": false, "run_phase_callable": true}, "timestamp": 1780701088777}
{"sessionId": "f25a3c", "hypothesisId": "H-A", "location": "flow.py:run", "message": "before first phase", "data": {"instance_phase_attr_type": "str", "instance_phase_attr_value": "<missing>", "run_phase_callable": true, "current_phase": "init"}, "timestamp": 1780701088779}
{"sessionId": "f25a3c", "hypothesisId": "H-B", "location": "flow.py:_run_phase", "message": "phase wrapper entered", "data": {"phase": "decompose_dag", "fn_name": "_decompose_dag"}, "timestamp": 1780701088780}
{"sessionId": "f25a3c", "hypothesisId": "H-B", "location": "flow.py:_run_phase", "message": "phase wrapper entered", "data": {"phase": "evidence", "fn_name": "_run_evidence"}, "timestamp": 1780701126808}
{"sessionId": "f25a3c", "hypothesisId": "H-B", "location": "flow.py:_run_phase", "message": "phase wrapper entered", "data": {"phase": "psychometric", "fn_name": "_run_psychometric"}, "timestamp": 1780701134621}
{"sessionId": "f25a3c", "hypothesisId": "H-B", "location": "flow.py:_run_phase", "message": "phase wrapper entered", "data": {"phase": "prediction_market", "fn_name": "_run_prediction_market"}, "timestamp": 1780701294782}
{"sessionId": "f25a3c", "hypothesisId": "H-B", "location": "flow.py:_run_phase", "message": "phase wrapper entered", "data": {"phase": "monte_carlo", "fn_name": "_run_monte_carlo"}, "timestamp": 1780701294787}
{"sessionId": "f25a3c", "hypothesisId": "H-B", "location": "flow.py:_run_phase", "message": "phase wrapper entered", "data": {"phase": "causal", "fn_name": "_run_causal"}, "timestamp": 1780701294809}
{"sessionId": "f25a3c", "hypothesisId": "H-B", "location": "flow.py:_run_phase", "message": "phase wrapper entered", "data": {"phase": "swarm_optimization", "fn_name": "_run_swarm_optimization"}, "timestamp": 1780701294881}
{"sessionId": "f25a3c", "hypothesisId": "H-B", "location": "flow.py:_run_phase", "message": "phase wrapper entered", "data": {"phase": "forecast", "fn_name": "_run_forecast"}, "timestamp": 1780701294885}
{"sessionId": "f25a3c", "hypothesisId": "H-B", "location": "flow.py:_run_phase", "message": "phase wrapper entered", "data": {"phase": "decision_engine", "fn_name": "_run_decision_engine"}, "timestamp": 1780701296273}
{"sessionId": "f25a3c", "hypothesisId": "H-B", "location": "flow.py:_run_phase", "message": "phase wrapper entered", "data": {"phase": "rag_context", "fn_name": "_prepare_rag_context"}, "timestamp": 1780701296275}
{"sessionId": "f25a3c", "hypothesisId": "H-B", "location": "flow.py:_run_phase", "message": "phase wrapper entered", "data": {"phase": "report", "fn_name": "_run_report"}, "timestamp": 1780701297199}
{"sessionId": "f25a3c", "hypothesisId": "H-B", "location": "flow.py:_run_phase", "message": "phase wrapper entered", "data": {"phase": "rag_index", "fn_name": "_index_rag"}, "timestamp": 1780701343133}
{"sessionId": "f25a3c", "hypothesisId": "H-A", "location": "flow.py:__init__", "message": "flow instance init", "data": {"current_phase": "init", "has_instance_phase_attr": false, "run_phase_callable": true}, "timestamp": 1780702801962}
{"sessionId": "f25a3c", "hypothesisId": "H-A", "location": "flow.py:run", "message": "before first phase", "data": {"instance_phase_attr_type": "str", "instance_phase_attr_value": "<missing>", "run_phase_callable": true, "current_phase": "init"}, "timestamp": 1780702801965}
{"sessionId": "f25a3c", "hypothesisId": "H-B", "location": "flow.py:_run_phase", "message": "phase wrapper entered", "data": {"phase": "decompose_dag", "fn_name": "_decompose_dag"}, "timestamp": 1780702801966}
{"sessionId": "f25a3c", "hypothesisId": "H-A", "location": "flow.py:__init__", "message": "flow instance init", "data": {"current_phase": "init", "has_instance_phase_attr": false, "run_phase_callable": true}, "timestamp": 1780702816725}
{"sessionId": "f25a3c", "hypothesisId": "H-A", "location": "flow.py:run", "message": "before first phase", "data": {"instance_phase_attr_type": "str", "instance_phase_attr_value": "<missing>", "run_phase_callable": true, "current_phase": "init"}, "timestamp": 1780702816729}
{"sessionId": "f25a3c", "hypothesisId": "H-B", "location": "flow.py:_run_phase", "message": "phase wrapper entered", "data": {"phase": "decompose_dag", "fn_name": "_decompose_dag"}, "timestamp": 1780702816730}
{"sessionId": "f25a3c", "hypothesisId": "H-B", "location": "flow.py:_run_phase", "message": "phase wrapper entered", "data": {"phase": "evidence", "fn_name": "_run_evidence"}, "timestamp": 1780702861785}
{"sessionId": "f25a3c", "hypothesisId": "H-B", "location": "flow.py:_run_phase", "message": "phase wrapper entered", "data": {"phase": "psychometric", "fn_name": "_run_psychometric"}, "timestamp": 1780702867393}
{"sessionId": "f25a3c", "hypothesisId": "H-B", "location": "flow.py:_run_phase", "message": "phase wrapper entered", "data": {"phase": "prediction_market", "fn_name": "_run_prediction_market"}, "timestamp": 1780703024910}
{"sessionId": "f25a3c", "hypothesisId": "H-B", "location": "flow.py:_run_phase", "message": "phase wrapper entered", "data": {"phase": "monte_carlo", "fn_name": "_run_monte_carlo"}, "timestamp": 1780703024915}
{"sessionId": "f25a3c", "hypothesisId": "H-B", "location": "flow.py:_run_phase", "message": "phase wrapper entered", "data": {"phase": "causal", "fn_name": "_run_causal"}, "timestamp": 1780703024943}
{"sessionId": "f25a3c", "hypothesisId": "H-B", "location": "flow.py:_run_phase", "message": "phase wrapper entered", "data": {"phase": "swarm_optimization", "fn_name": "_run_swarm_optimization"}, "timestamp": 1780703025011}
{"sessionId": "f25a3c", "hypothesisId": "H-B", "location": "flow.py:_run_phase", "message": "phase wrapper entered", "data": {"phase": "forecast", "fn_name": "_run_forecast"}, "timestamp": 1780703025026}
{"sessionId": "f25a3c", "hypothesisId": "H-B", "location": "flow.py:_run_phase", "message": "phase wrapper entered", "data": {"phase": "decision_engine", "fn_name": "_run_decision_engine"}, "timestamp": 1780703026708}
{"sessionId": "f25a3c", "hypothesisId": "H-B", "location": "flow.py:_run_phase", "message": "phase wrapper entered", "data": {"phase": "rag_context", "fn_name": "_prepare_rag_context"}, "timestamp": 1780703026711}
{"sessionId": "f25a3c", "hypothesisId": "H-B", "location": "flow.py:_run_phase", "message": "phase wrapper entered", "data": {"phase": "report", "fn_name": "_run_report"}, "timestamp": 1780703027162}
{"sessionId": "f25a3c", "hypothesisId": "H-B", "location": "flow.py:_run_phase", "message": "phase wrapper entered", "data": {"phase": "rag_index", "fn_name": "_index_rag"}, "timestamp": 1780703074641}
